{
    "id": @integer@,
    "firstName": "New name",
    "lastName": "New lastName",
    "phoneNumber": "0918972132",
    "countryCode": "GB",
    "provinceCode": "GB-WLS",
    "street": "New street",
    "city": "New city",
    "postcode": "2000"
}
