{
    "page": 1,
    "limit": 10,
    "pages": 1,
    "total": 1,
    "_links": {
        "self": "\/shop-api\/taxon-products\/by-code\/WOMEN_T_SHIRTS?page=1&limit=10",
        "first": "\/shop-api\/taxon-products\/by-code\/WOMEN_T_SHIRTS?page=1&limit=10",
        "last": "\/shop-api\/taxon-products\/by-code\/WOMEN_T_SHIRTS?page=1&limit=10",
        "next": "\/shop-api\/taxon-products\/by-code\/WOMEN_T_SHIRTS?page=1&limit=10"
    },
    "items": [
        {
            "code": "LOGAN_T_SHIRT_CODE",
            "name": "Logan T-Shirt",
            "slug": "logan-t-shirt",
            "channelCode": "WEB_GB",
            "description": "Some description Lorem ipsum dolor sit amet.",
            "averageRating": 0,
            "taxons": {
                "main": "T_SHIRTS",
                "others": [
                    "WOMEN_T_SHIRTS",
                    "BRAND"
                ]
            },
            "variants": {
                "SMALL_LOGAN_T_SHIRT_CODE": {
                    "code": "SMALL_LOGAN_T_SHIRT_CODE",
                    "name": "Small Logan T-Shirt",
                    "axis": [],
                    "nameAxis": {},
                    "available": true,
                    "price": {
                        "current": 1999,
                        "currency": "GBP"
                    },
                    "images": [
                        {
                            "code": "thumbnail",
                            "path": "/pants.jpeg",
                            "cachedPath": "http://localhost/media/cache/sylius_shop_api/pants.jpeg"
                        }
                    ]
                },
                "LARGE_LOGAN_T_SHIRT_CODE": {
                    "code": "LARGE_LOGAN_T_SHIRT_CODE",
                    "name": "Large Logan T-Shirt",
                    "axis": [],
                    "nameAxis": {},
                    "available": true,
                    "price": {
                        "current": 2999,
                        "currency": "GBP"
                    },
                    "images": [
                        {
                            "code": "thumbnail",
                            "path": "/pants.jpeg",
                            "cachedPath": "http://localhost/media/cache/sylius_shop_api/pants.jpeg"
                        }
                    ]
                }
            },
            "attributes": [],
            "associations": [],
            "images": [
                {
                    "code": "thumbnail",
                    "path": "/pants.jpeg",
                    "cachedPath": "http://localhost/media/cache/sylius_shop_api/pants.jpeg"
                },
                {
                    "code": "thumbnail",
                    "path": "/pants.jpeg",
                    "cachedPath": "http://localhost/media/cache/sylius_shop_api/pants.jpeg"
                },
                {
                    "code": "thumbnail",
                    "path": "/pants.jpeg",
                    "cachedPath": "http://localhost/media/cache/sylius_shop_api/pants.jpeg"
                }
            ],
            "_links": {
                "self": {
                    "href": "\/shop-api\/products\/by-slug\/logan-t-shirt"
                }
            }
        }
    ]
}
