{
    "code": 400,
    "message": "Validation failed",
    "errors": {
        "id": [
            "Cart item does not exist."
        ]
    }
}
