{
    "code": 400,
    "message": "Validation failed",
    "errors": {
        "cartToken": [
            "Cart does not exist."
        ],
        "countryCode": [
            "The country does not exist."
        ]
    }
}
