{
    "code": 400,
    "message": "Validation failed",
    "errors": {
        "productCode": [
            "sylius.shop_api.product.not_in_cart_channel"
        ]
    }
}
