{
    "code": 400,
    "message": "Validation failed",
    "errors": {
        "token": [
            "There is already a cart with this token."
        ]
    }
}
