{
    "code": 400,
    "message": "Validation failed",
    "errors": {
        "productCode": [
            "The product is not configurable."
        ]
    }
}
