{
  "code": 400,
  "message": "Validation failed",
  "errors": {
    "email": [
      "This email is invalid."
    ]
  }
}
