{
  "code": 400,
  "message": "Validation failed",
  "errors": {
    "email": [
      "Please enter your email."
    ]
  }
}
