{
    "code": 400,
    "message": "Validation failed",
    "errors": {
        "email": [
            "sylius.shop_api.email.not_valid",
            "There is no user with this email address"
        ]
    }
}
