{
  "code": 400,
  "message": "Validation failed",
  "errors": {
    "token": [
      "The token does not exist."
    ]
  }
}
