{
    "code": 400,
    "message": "Validation failed",
    "errors": {
        "rating": [
            "This value should be between 0 and 5."
        ]
    }
}
