{
    "self": {
        "code": "T_SHIRTS",
        "name": "T-Shirts",
        "slug": "t-shirts",
        "description": "Einige Beschreibung Lorem ipsum dolor sit amet.",
        "position": 2,
        "children": [
            {
                "code": "MEN_T_SHIRTS",
                "name": "M\u00e4nner T-Shirts",
                "slug": "m\u00e4nner-t-shirts",
                "description": "Einige Beschreibung Lorem ipsum dolor sit amet.",
                "position": 0,
                "children": [],
                "images": []
            },
            {
                "code": "WOMEN_T_SHIRTS",
                "name": "Frauen T-Shirts",
                "slug": "frauen-t-shirts",
                "description": "Einige Beschreibung Lorem ipsum dolor sit amet.",
                "position": 1,
                "children": [],
                "images": []
            }
        ],
        "images": [
            {
                "code": "thumbnail",
                "path": "http:\/\/localhost\/media\/cache\/sylius_large\/pants.jpeg"
            }
        ]
    },
    "parentTree": {
        "code": "CATEGORY",
        "name": "Categories",
        "slug": "categories",
        "description": "Some description Lorem ipsum dolor sit amet.",
        "position": 0,
        "children": [
            {
                "code": "T_SHIRTS",
                "name": "T-Shirts",
                "slug": "t-shirts",
                "description": "Einige Beschreibung Lorem ipsum dolor sit amet.",
                "position": 2,
                "children": [],
                "images": [
                    {
                        "code": "thumbnail",
                        "path": "http:\/\/localhost\/media\/cache\/sylius_large\/pants.jpeg"
                    }
                ]
            }
        ],
        "images": []
    }
}
