{
    "code": 400,
    "message": "Validation failed",
    "errors": {
        "token": [
            "The cart is not ready for checkout"
        ]
    }
}
