{
    "shipments": [
        {
            "methods": {
                "DHL": {
                    "code": "DHL",
                    "name": "DHL",
                    "description": "@string@",
                    "price": {
                        "current": 1500,
                        "currency": "GBP"
                    }
                },
                "FED-EX": {
                    "code": "FED-EX",
                    "name": "FedEx",
                    "description": "@string@",
                    "price": {
                        "current": 2500,
                        "currency": "GBP"
                    }
                },
                "FREE": {
                    "code": "FREE",
                    "name": "Free Shipping",
                    "description": "@string@",
                    "price": {
                      "current": 0,
                      "currency": "GBP"
                    }
                }
            }
        }
    ]
}
